Analysis & Synthesis report for final
Thu Nov 28 17:40:04 2024
Quartus II 32-bit Version 13.0.1 Build 232 06/12/2013 Service Pack 1 SJ Full Version


---------------------
; Table of Contents ;
---------------------
  1. Legal Notice
  2. Analysis & Synthesis Summary
  3. Analysis & Synthesis Settings
  4. Parallel Compilation
  5. Analysis & Synthesis Source Files Read
  6. Analysis & Synthesis Resource Usage Summary
  7. Analysis & Synthesis Resource Utilization by Entity
  8. State Machine - |fullVER1|fsm:inst7|yfsm
  9. General Register Statistics
 10. Multiplexer Restructuring Statistics (Restructuring Performed)
 11. Elapsed Time Per Partition
 12. Analysis & Synthesis Messages



----------------
; Legal Notice ;
----------------
Copyright (C) 1991-2013 Altera Corporation
Your use of Altera Corporation's design tools, logic functions 
and other software and tools, and its AMPP partner logic 
functions, and any output files from any of the foregoing 
(including device programming or simulation files), and any 
associated documentation or information are expressly subject 
to the terms and conditions of the Altera Program License 
Subscription Agreement, Altera MegaCore Function License 
Agreement, or other applicable license agreement, including, 
without limitation, that your use is for the sole purpose of 
programming logic devices manufactured by Altera and sold by 
Altera or its authorized distributors.  Please refer to the 
applicable agreement for further details.



+---------------------------------------------------------------------------------------+
; Analysis & Synthesis Summary                                                          ;
+------------------------------------+--------------------------------------------------+
; Analysis & Synthesis Status        ; Successful - Thu Nov 28 17:40:04 2024            ;
; Quartus II 32-bit Version          ; 13.0.1 Build 232 06/12/2013 SP 1 SJ Full Version ;
; Revision Name                      ; final                                            ;
; Top-level Entity Name              ; fullVER1                                         ;
; Family                             ; Cyclone II                                       ;
; Total logic elements               ; 115                                              ;
;     Total combinational functions  ; 97                                               ;
;     Dedicated logic registers      ; 33                                               ;
; Total registers                    ; 33                                               ;
; Total pins                         ; 50                                               ;
; Total virtual pins                 ; 0                                                ;
; Total memory bits                  ; 0                                                ;
; Embedded Multiplier 9-bit elements ; 0                                                ;
; Total PLLs                         ; 0                                                ;
+------------------------------------+--------------------------------------------------+


+----------------------------------------------------------------------------------------------------------------------+
; Analysis & Synthesis Settings                                                                                        ;
+----------------------------------------------------------------------------+--------------------+--------------------+
; Option                                                                     ; Setting            ; Default Value      ;
+----------------------------------------------------------------------------+--------------------+--------------------+
; Device                                                                     ; EP2C35F672C6       ;                    ;
; Top-level entity name                                                      ; fullVER1           ; final              ;
; Family name                                                                ; Cyclone II         ; Cyclone IV GX      ;
; Use smart compilation                                                      ; Off                ; Off                ;
; Enable parallel Assembler and TimeQuest Timing Analyzer during compilation ; On                 ; On                 ;
; Enable compact report table                                                ; Off                ; Off                ;
; Restructure Multiplexers                                                   ; Auto               ; Auto               ;
; Create Debugging Nodes for IP Cores                                        ; Off                ; Off                ;
; Preserve fewer node names                                                  ; On                 ; On                 ;
; Disable OpenCore Plus hardware evaluation                                  ; Off                ; Off                ;
; Verilog Version                                                            ; Verilog_2001       ; Verilog_2001       ;
; VHDL Version                                                               ; VHDL_1993          ; VHDL_1993          ;
; State Machine Processing                                                   ; Auto               ; Auto               ;
; Safe State Machine                                                         ; Off                ; Off                ;
; Extract Verilog State Machines                                             ; On                 ; On                 ;
; Extract VHDL State Machines                                                ; On                 ; On                 ;
; Ignore Verilog initial constructs                                          ; Off                ; Off                ;
; Iteration limit for constant Verilog loops                                 ; 5000               ; 5000               ;
; Iteration limit for non-constant Verilog loops                             ; 250                ; 250                ;
; Add Pass-Through Logic to Inferred RAMs                                    ; On                 ; On                 ;
; Infer RAMs from Raw Logic                                                  ; On                 ; On                 ;
; Parallel Synthesis                                                         ; On                 ; On                 ;
; DSP Block Balancing                                                        ; Auto               ; Auto               ;
; NOT Gate Push-Back                                                         ; On                 ; On                 ;
; Power-Up Don't Care                                                        ; On                 ; On                 ;
; Remove Redundant Logic Cells                                               ; Off                ; Off                ;
; Remove Duplicate Registers                                                 ; On                 ; On                 ;
; Ignore CARRY Buffers                                                       ; Off                ; Off                ;
; Ignore CASCADE Buffers                                                     ; Off                ; Off                ;
; Ignore GLOBAL Buffers                                                      ; Off                ; Off                ;
; Ignore ROW GLOBAL Buffers                                                  ; Off                ; Off                ;
; Ignore LCELL Buffers                                                       ; Off                ; Off                ;
; Ignore SOFT Buffers                                                        ; On                 ; On                 ;
; Limit AHDL Integers to 32 Bits                                             ; Off                ; Off                ;
; Optimization Technique                                                     ; Balanced           ; Balanced           ;
; Carry Chain Length                                                         ; 70                 ; 70                 ;
; Auto Carry Chains                                                          ; On                 ; On                 ;
; Auto Open-Drain Pins                                                       ; On                 ; On                 ;
; Perform WYSIWYG Primitive Resynthesis                                      ; Off                ; Off                ;
; Auto ROM Replacement                                                       ; On                 ; On                 ;
; Auto RAM Replacement                                                       ; On                 ; On                 ;
; Auto Shift Register Replacement                                            ; Auto               ; Auto               ;
; Allow Shift Register Merging across Hierarchies                            ; Auto               ; Auto               ;
; Auto Clock Enable Replacement                                              ; On                 ; On                 ;
; Strict RAM Replacement                                                     ; Off                ; Off                ;
; Allow Synchronous Control Signals                                          ; On                 ; On                 ;
; Force Use of Synchronous Clear Signals                                     ; Off                ; Off                ;
; Auto RAM to Logic Cell Conversion                                          ; Off                ; Off                ;
; Auto Resource Sharing                                                      ; Off                ; Off                ;
; Allow Any RAM Size For Recognition                                         ; Off                ; Off                ;
; Allow Any ROM Size For Recognition                                         ; Off                ; Off                ;
; Allow Any Shift Register Size For Recognition                              ; Off                ; Off                ;
; Use LogicLock Constraints during Resource Balancing                        ; On                 ; On                 ;
; Ignore translate_off and synthesis_off directives                          ; Off                ; Off                ;
; Timing-Driven Synthesis                                                    ; Off                ; Off                ;
; Report Parameter Settings                                                  ; On                 ; On                 ;
; Report Source Assignments                                                  ; On                 ; On                 ;
; Report Connectivity Checks                                                 ; On                 ; On                 ;
; Ignore Maximum Fan-Out Assignments                                         ; Off                ; Off                ;
; Synchronization Register Chain Length                                      ; 2                  ; 2                  ;
; PowerPlay Power Optimization                                               ; Normal compilation ; Normal compilation ;
; HDL message level                                                          ; Level2             ; Level2             ;
; Suppress Register Optimization Related Messages                            ; Off                ; Off                ;
; Number of Removed Registers Reported in Synthesis Report                   ; 5000               ; 5000               ;
; Number of Swept Nodes Reported in Synthesis Report                         ; 5000               ; 5000               ;
; Number of Inverted Registers Reported in Synthesis Report                  ; 100                ; 100                ;
; Clock MUX Protection                                                       ; On                 ; On                 ;
; Auto Gated Clock Conversion                                                ; Off                ; Off                ;
; Block Design Naming                                                        ; Auto               ; Auto               ;
; SDC constraint protection                                                  ; Off                ; Off                ;
; Synthesis Effort                                                           ; Auto               ; Auto               ;
; Shift Register Replacement - Allow Asynchronous Clear Signal               ; On                 ; On                 ;
; Pre-Mapping Resynthesis Optimization                                       ; Off                ; Off                ;
; Analysis & Synthesis Message Level                                         ; Medium             ; Medium             ;
; Disable Register Merging Across Hierarchies                                ; Auto               ; Auto               ;
; Resource Aware Inference For Block RAM                                     ; On                 ; On                 ;
; Synthesis Seed                                                             ; 1                  ; 1                  ;
+----------------------------------------------------------------------------+--------------------+--------------------+


+------------------------------------------+
; Parallel Compilation                     ;
+----------------------------+-------------+
; Processors                 ; Number      ;
+----------------------------+-------------+
; Number detected on machine ; 8           ;
; Maximum allowed            ; 4           ;
;                            ;             ;
; Average used               ; 1.00        ;
; Maximum used               ; 1           ;
;                            ;             ;
; Usage by Processor         ; % Time Used ;
;     Processor 1            ; 100.0%      ;
;     Processors 2-8         ;   0.0%      ;
+----------------------------+-------------+


+----------------------------------------------------------------------------------------------------------------------------------------------------------------------------+
; Analysis & Synthesis Source Files Read                                                                                                                                     ;
+----------------------------------+-----------------+------------------------------------+------------------------------------------------------------------------+---------+
; File Name with User-Entered Path ; Used in Netlist ; File Type                          ; File Name with Absolute Path                                           ; Library ;
+----------------------------------+-----------------+------------------------------------+------------------------------------------------------------------------+---------+
; fsm.vhd                          ; yes             ; User VHDL File                     ; /home/student2/n22wang/Desktop/COE328/COE Lab 6/Lab 6/fsm.vhd          ;         ;
; ssseg.vhd                        ; yes             ; User VHDL File                     ; /home/student2/n22wang/Desktop/COE328/COE Lab 6/Lab 6/ssseg.vhd        ;         ;
; latch1.vhd                       ; yes             ; User VHDL File                     ; /home/student2/n22wang/Desktop/COE328/COE Lab 6/Lab 6/latch1.vhd       ;         ;
; SECOND_ALU.vhd                   ; yes             ; User VHDL File                     ; /home/student2/n22wang/Desktop/COE328/COE Lab 6/Lab 6/SECOND_ALU.vhd   ;         ;
; decoder4to16.vhd                 ; yes             ; User VHDL File                     ; /home/student2/n22wang/Desktop/COE328/COE Lab 6/Lab 6/decoder4to16.vhd ;         ;
; fullVER1.bdf                     ; yes             ; User Block Diagram/Schematic File  ; /home/student2/n22wang/Desktop/COE328/COE Lab 6/Lab 6/fullVER1.bdf     ;         ;
+----------------------------------+-----------------+------------------------------------+------------------------------------------------------------------------+---------+


+-----------------------------------------------------+
; Analysis & Synthesis Resource Usage Summary         ;
+---------------------------------------------+-------+
; Resource                                    ; Usage ;
+---------------------------------------------+-------+
; Estimated Total logic elements              ; 115   ;
;                                             ;       ;
; Total combinational functions               ; 97    ;
; Logic element usage by number of LUT inputs ;       ;
;     -- 4 input functions                    ; 50    ;
;     -- 3 input functions                    ; 29    ;
;     -- <=2 input functions                  ; 18    ;
;                                             ;       ;
; Logic elements by mode                      ;       ;
;     -- normal mode                          ; 83    ;
;     -- arithmetic mode                      ; 14    ;
;                                             ;       ;
; Total registers                             ; 33    ;
;     -- Dedicated logic registers            ; 33    ;
;     -- I/O registers                        ; 0     ;
;                                             ;       ;
; I/O pins                                    ; 50    ;
; Embedded Multiplier 9-bit elements          ; 0     ;
; Maximum fan-out node                        ; clock ;
; Maximum fan-out                             ; 33    ;
; Total fan-out                               ; 434   ;
; Average fan-out                             ; 2.41  ;
+---------------------------------------------+-------+


+------------------------------------------------------------------------------------------------------------------------------------------------------------------------------------+
; Analysis & Synthesis Resource Utilization by Entity                                                                                                                                ;
+----------------------------+-------------------+--------------+-------------+--------------+---------+-----------+------+--------------+----------------------------+--------------+
; Compilation Hierarchy Node ; LC Combinationals ; LC Registers ; Memory Bits ; DSP Elements ; DSP 9x9 ; DSP 18x18 ; Pins ; Virtual Pins ; Full Hierarchy Name        ; Library Name ;
+----------------------------+-------------------+--------------+-------------+--------------+---------+-----------+------+--------------+----------------------------+--------------+
; |fullVER1                  ; 97 (0)            ; 33 (0)       ; 0           ; 0            ; 0       ; 0         ; 50   ; 0            ; |fullVER1                  ; work         ;
;    |SECOND_ALU:inst5|      ; 72 (72)           ; 8 (8)        ; 0           ; 0            ; 0       ; 0         ; 0    ; 0            ; |fullVER1|SECOND_ALU:inst5 ; work         ;
;    |fsm:inst7|             ; 11 (11)           ; 9 (9)        ; 0           ; 0            ; 0       ; 0         ; 0    ; 0            ; |fullVER1|fsm:inst7        ; work         ;
;    |latch1:inst1|          ; 0 (0)             ; 8 (8)        ; 0           ; 0            ; 0       ; 0         ; 0    ; 0            ; |fullVER1|latch1:inst1     ; work         ;
;    |latch1:inst|           ; 0 (0)             ; 8 (8)        ; 0           ; 0            ; 0       ; 0         ; 0    ; 0            ; |fullVER1|latch1:inst      ; work         ;
;    |ssseg:inst3|           ; 7 (7)             ; 0 (0)        ; 0           ; 0            ; 0       ; 0         ; 0    ; 0            ; |fullVER1|ssseg:inst3      ; work         ;
;    |ssseg:inst4|           ; 7 (7)             ; 0 (0)        ; 0           ; 0            ; 0       ; 0         ; 0    ; 0            ; |fullVER1|ssseg:inst4      ; work         ;
+----------------------------+-------------------+--------------+-------------+--------------+---------+-----------+------+--------------+----------------------------+--------------+
Note: For table entries with two numbers listed, the numbers in parentheses indicate the number of resources of the given type used by the specific entity alone. The numbers listed outside of parentheses indicate the total resources of the given type used by the specific entity and all of its sub-entities in the hierarchy.


Encoding Type:  One-Hot
+---------------------------------------------------------------------------------------------------+
; State Machine - |fullVER1|fsm:inst7|yfsm                                                          ;
+---------+---------+---------+---------+---------+---------+---------+---------+---------+---------+
; Name    ; yfsm.s8 ; yfsm.s7 ; yfsm.s6 ; yfsm.s5 ; yfsm.s4 ; yfsm.s3 ; yfsm.s2 ; yfsm.s1 ; yfsm.s0 ;
+---------+---------+---------+---------+---------+---------+---------+---------+---------+---------+
; yfsm.s0 ; 0       ; 0       ; 0       ; 0       ; 0       ; 0       ; 0       ; 0       ; 0       ;
; yfsm.s1 ; 0       ; 0       ; 0       ; 0       ; 0       ; 0       ; 0       ; 1       ; 1       ;
; yfsm.s2 ; 0       ; 0       ; 0       ; 0       ; 0       ; 0       ; 1       ; 0       ; 1       ;
; yfsm.s3 ; 0       ; 0       ; 0       ; 0       ; 0       ; 1       ; 0       ; 0       ; 1       ;
; yfsm.s4 ; 0       ; 0       ; 0       ; 0       ; 1       ; 0       ; 0       ; 0       ; 1       ;
; yfsm.s5 ; 0       ; 0       ; 0       ; 1       ; 0       ; 0       ; 0       ; 0       ; 1       ;
; yfsm.s6 ; 0       ; 0       ; 1       ; 0       ; 0       ; 0       ; 0       ; 0       ; 1       ;
; yfsm.s7 ; 0       ; 1       ; 0       ; 0       ; 0       ; 0       ; 0       ; 0       ; 1       ;
; yfsm.s8 ; 1       ; 0       ; 0       ; 0       ; 0       ; 0       ; 0       ; 0       ; 1       ;
+---------+---------+---------+---------+---------+---------+---------+---------+---------+---------+


+------------------------------------------------------+
; General Register Statistics                          ;
+----------------------------------------------+-------+
; Statistic                                    ; Value ;
+----------------------------------------------+-------+
; Total registers                              ; 33    ;
; Number of registers using Synchronous Clear  ; 0     ;
; Number of registers using Synchronous Load   ; 0     ;
; Number of registers using Asynchronous Clear ; 33    ;
; Number of registers using Asynchronous Load  ; 0     ;
; Number of registers using Clock Enable       ; 0     ;
; Number of registers using Preset             ; 0     ;
+----------------------------------------------+-------+


+---------------------------------------------------------------------------------------------------------------------------------------------------------+
; Multiplexer Restructuring Statistics (Restructuring Performed)                                                                                          ;
+--------------------+-----------+---------------+----------------------+------------------------+------------+-------------------------------------------+
; Multiplexer Inputs ; Bus Width ; Baseline Area ; Area if Restructured ; Saving if Restructured ; Registered ; Example Multiplexer Output                ;
+--------------------+-----------+---------------+----------------------+------------------------+------------+-------------------------------------------+
; 20:1               ; 2 bits    ; 26 LEs        ; 12 LEs               ; 14 LEs                 ; Yes        ; |fullVER1|SECOND_ALU:inst5|temp_result[0] ;
; 21:1               ; 2 bits    ; 28 LEs        ; 10 LEs               ; 18 LEs                 ; Yes        ; |fullVER1|SECOND_ALU:inst5|temp_result[3] ;
; 21:1               ; 4 bits    ; 56 LEs        ; 20 LEs               ; 36 LEs                 ; Yes        ; |fullVER1|SECOND_ALU:inst5|temp_result[7] ;
; 10:1               ; 8 bits    ; 48 LEs        ; 48 LEs               ; 0 LEs                  ; No         ; |fullVER1|fsm:inst7|yfsm                  ;
+--------------------+-----------+---------------+----------------------+------------------------+------------+-------------------------------------------+


+-------------------------------+
; Elapsed Time Per Partition    ;
+----------------+--------------+
; Partition Name ; Elapsed Time ;
+----------------+--------------+
; Top            ; 00:00:00     ;
+----------------+--------------+


+-------------------------------+
; Analysis & Synthesis Messages ;
+-------------------------------+
Info: *******************************************************************
Info: Running Quartus II 32-bit Analysis & Synthesis
    Info: Version 13.0.1 Build 232 06/12/2013 Service Pack 1 SJ Full Version
    Info: Processing started: Thu Nov 28 17:39:57 2024
Info: Command: quartus_map --read_settings_files=on --write_settings_files=off final -c final
Info (11104): Parallel Compilation has detected 8 hyper-threaded processors. However, the extra hyper-threaded processors will not be used by default. Parallel Compilation will use 4 of the 4 physical processors detected instead.
Info (12021): Found 2 design units, including 1 entities, in source file decod.vhd
    Info (12022): Found design unit 1: decod-behavior
    Info (12023): Found entity 1: decod
Info (12021): Found 1 design units, including 1 entities, in source file gpul.bdf
    Info (12023): Found entity 1: gpul
Info (12021): Found 1 design units, including 1 entities, in source file gpu.bdf
    Info (12023): Found entity 1: gpu
Info (12021): Found 1 design units, including 1 entities, in source file 4to16.bdf
    Info (12023): Found entity 1: 4to16
Info (12021): Found 2 design units, including 1 entities, in source file fsm.vhd
    Info (12022): Found design unit 1: fsm-fsm
    Info (12023): Found entity 1: fsm
Info (12021): Found 1 design units, including 1 entities, in source file controlUnit.bdf
    Info (12023): Found entity 1: controlUnit
Info (12021): Found 2 design units, including 1 entities, in source file ALU.vhd
    Info (12022): Found design unit 1: ALU-calc
    Info (12023): Found entity 1: ALU
Info (12021): Found 2 design units, including 1 entities, in source file sseg.vhd
    Info (12022): Found design unit 1: sseg7-Behavior
    Info (12023): Found entity 1: sseg7
Info (12021): Found 2 design units, including 1 entities, in source file msseg.vhd
    Info (12022): Found design unit 1: msseg-behavior
    Info (12023): Found entity 1: msseg
Info (12021): Found 2 design units, including 1 entities, in source file split.vhd
    Info (12022): Found design unit 1: split-behavior
    Info (12023): Found entity 1: split
Info (12021): Found 2 design units, including 1 entities, in source file comb.vhd
    Info (12022): Found design unit 1: comb-behavior
    Info (12023): Found entity 1: comb
Info (12021): Found 2 design units, including 1 entities, in source file ssseg.vhd
    Info (12022): Found design unit 1: ssseg-Behavior
    Info (12023): Found entity 1: ssseg
Info (12021): Found 2 design units, including 1 entities, in source file latch1.vhd
    Info (12022): Found design unit 1: latch1-beh
    Info (12023): Found entity 1: latch1
Info (12021): Found 1 design units, including 1 entities, in source file justALU1.bdf
    Info (12023): Found entity 1: justALU1
Info (12021): Found 2 design units, including 1 entities, in source file Decoder3to8.vhd
    Info (12022): Found design unit 1: Decoder3to8-Behavioral
    Info (12023): Found entity 1: Decoder3to8
Info (12021): Found 2 design units, including 1 entities, in source file SECOND_ALU.vhd
    Info (12022): Found design unit 1: SECOND_ALU-calc
    Info (12023): Found entity 1: SECOND_ALU
Info (12021): Found 2 design units, including 1 entities, in source file decoder4to16.vhd
    Info (12022): Found design unit 1: decoder4to16-behavior
    Info (12023): Found entity 1: decoder4to16
Info (12021): Found 1 design units, including 1 entities, in source file fullVER1.bdf
    Info (12023): Found entity 1: fullVER1
Info (12127): Elaborating entity "fullVER1" for the top level hierarchy
Warning (275043): Pin "studentid[1..7]" is missing source
Info (12128): Elaborating entity "ssseg" for hierarchy "ssseg:inst4"
Warning (10492): VHDL Process Statement warning at ssseg.vhd(15): signal "n" is read inside the Process Statement but isn't in the Process Statement's sensitivity list
Warning (10631): VHDL Process Statement warning at ssseg.vhd(13): inferring latch(es) for signal or variable "neg", which holds its previous value in one or more paths through the process
Info (10041): Inferred latch for "neg[7]" at ssseg.vhd(13)
Info (10041): Inferred latch for "neg[6]" at ssseg.vhd(13)
Info (10041): Inferred latch for "neg[5]" at ssseg.vhd(13)
Info (10041): Inferred latch for "neg[4]" at ssseg.vhd(13)
Info (10041): Inferred latch for "neg[3]" at ssseg.vhd(13)
Info (10041): Inferred latch for "neg[2]" at ssseg.vhd(13)
Info (10041): Inferred latch for "neg[1]" at ssseg.vhd(13)
Info (12128): Elaborating entity "SECOND_ALU" for hierarchy "SECOND_ALU:inst5"
Info (12128): Elaborating entity "latch1" for hierarchy "latch1:inst"
Info (12128): Elaborating entity "decoder4to16" for hierarchy "decoder4to16:inst6"
Info (12128): Elaborating entity "fsm" for hierarchy "fsm:inst7"
Warning (13024): Output pins are stuck at VCC or GND
    Warning (13410): Pin "nr2[1]" is stuck at GND
    Warning (13410): Pin "nr2[2]" is stuck at GND
    Warning (13410): Pin "nr2[3]" is stuck at GND
    Warning (13410): Pin "nr2[4]" is stuck at GND
    Warning (13410): Pin "nr2[5]" is stuck at GND
    Warning (13410): Pin "nr2[6]" is stuck at GND
    Warning (13410): Pin "nr2[7]" is stuck at VCC
    Warning (13410): Pin "studentid[1]" is stuck at GND
    Warning (13410): Pin "studentid[2]" is stuck at GND
    Warning (13410): Pin "studentid[3]" is stuck at GND
    Warning (13410): Pin "studentid[4]" is stuck at GND
    Warning (13410): Pin "studentid[5]" is stuck at GND
    Warning (13410): Pin "studentid[6]" is stuck at GND
    Warning (13410): Pin "studentid[7]" is stuck at GND
Info (16010): Generating hard_block partition "hard_block:auto_generated_inst"
    Info (16011): Adding 0 node(s), including 0 DDIO, 0 PLL, 0 transceiver and 0 LCELL
Info (21057): Implemented 165 device resources after synthesis - the final resource count might be different
    Info (21058): Implemented 22 input pins
    Info (21059): Implemented 28 output pins
    Info (21061): Implemented 115 logic cells
Info: Quartus II 32-bit Analysis & Synthesis was successful. 0 errors, 18 warnings
    Info: Peak virtual memory: 364 megabytes
    Info: Processing ended: Thu Nov 28 17:40:05 2024
    Info: Elapsed time: 00:00:08
    Info: Total CPU time (on all processors): 00:00:03


